#-----------------------------------------------------------
# Vivado v2024.1 (64-bit)
# SW Build 5076996 on Wed May 22 18:36:09 MDT 2024
# IP Build 5075265 on Wed May 22 21:45:21 MDT 2024
# SharedData Build 5076995 on Wed May 22 18:29:18 MDT 2024
# Start of session at: Mon Jun  2 11:03:59 2025
# Process ID: 418838
# Current directory: /home/sidharth/tinyriscv_load/tinyriscv_load.runs/impl_1
# Command line: vivado -log tinyriscv_soc_top.vdi -applog -product Vivado -messageDb vivado.pb -mode batch -source tinyriscv_soc_top.tcl -notrace
# Log file: /home/sidharth/tinyriscv_load/tinyriscv_load.runs/impl_1/tinyriscv_soc_top.vdi
# Journal file: /home/sidharth/tinyriscv_load/tinyriscv_load.runs/impl_1/vivado.jou
# Running On        :sidharth-Alienware-Aurora-Ryzen-Edition
# Platform          :Ubuntu
# Operating System  :Ubuntu 24.04.1 LTS
# Processor Detail  :AMD Ryzen 9 5900X 12-Core Processor
# CPU Frequency     :3700.357 MHz
# CPU Physical cores:12
# CPU Logical cores :24
# Host memory       :33570 MB
# Swap memory       :8589 MB
# Total Virtual     :42160 MB
# Available Virtual :34648 MB
#-----------------------------------------------------------
source tinyriscv_soc_top.tcl -notrace
